Testing spacing fix...
/home/ezra/tmp1/venv/lib/python3.12/site-packages/webrtcvad.py:1: UserWarning: pkg_resources is deprecated as an API. See https://setuptools.pypa.io/en/latest/pkg_resources.html. The pkg_resources package is slated for removal as early as 2025-11-30. Refrain from using this package or pin to Setuptools<81.
  import pkg_resources
2025-06-01 19:37:08,189 - INFO - Logging initialized - Level: INFO
2025-06-01 19:37:08,189 - INFO - Runtime log: /home/ezra/tmp1/logs/runtime.log
2025-06-01 19:37:08,189 - INFO - Platform: Linux
2025-06-01 19:37:08,189 - INFO - ==================================================
2025-06-01 19:37:08,189 - INFO - Starting Speech-to-Text Keyboard
2025-06-01 19:37:08,189 - INFO - Model: base, Language: en
2025-06-01 19:37:08,189 - INFO - Commands: ENABLED
2025-06-01 19:37:08,189 - INFO - Process ID: 693896
2025-06-01 19:37:08,190 - INFO - ==================================================
/home/ezra/tmp1/venv/lib/python3.12/site-packages/torch/cuda/__init__.py:118: UserWarning: CUDA initialization: CUDA unknown error - this may be due to an incorrectly set up environment, e.g. changing env variable CUDA_VISIBLE_DEVICES after program start. Setting the available devices to be zero. (Triggered internally at ../c10/cuda/CUDAFunctions.cpp:108.)
  return torch._C._cuda_getDeviceCount() > 0
Loading Whisper base model...
2025-06-01 19:37:09,131 - INFO - Model loaded in 0.94 seconds
⚠️  Voice commands are ENABLED - be careful what you say!
2025-06-01 19:37:09,140 - WARNING - Voice commands enabled - security restrictions apply
ALSA lib pcm_dsnoop.c:567:(snd_pcm_dsnoop_open) unable to open slave
ALSA lib pcm_dmix.c:1000:(snd_pcm_dmix_open) unable to open slave
ALSA lib pcm.c:2721:(snd_pcm_open_noupdate) Unknown PCM cards.pcm.rear
ALSA lib pcm.c:2721:(snd_pcm_open_noupdate) Unknown PCM cards.pcm.center_lfe
ALSA lib pcm.c:2721:(snd_pcm_open_noupdate) Unknown PCM cards.pcm.side
Cannot connect to server socket err = No such file or directory
Cannot connect to server request channel
jack server is not running or cannot be started
JackShmReadWritePtr::~JackShmReadWritePtr - Init not done for -1, skipping unlock
JackShmReadWritePtr::~JackShmReadWritePtr - Init not done for -1, skipping unlock
Cannot connect to server socket err = No such file or directory
Cannot connect to server request channel
jack server is not running or cannot be started
JackShmReadWritePtr::~JackShmReadWritePtr - Init not done for -1, skipping unlock
JackShmReadWritePtr::~JackShmReadWritePtr - Init not done for -1, skipping unlock
ALSA lib pcm_oss.c:397:(_snd_pcm_oss_open) Cannot open device /dev/dsp
ALSA lib pcm_oss.c:397:(_snd_pcm_oss_open) Cannot open device /dev/dsp
ALSA lib pcm_a52.c:1001:(_snd_pcm_a52_open) a52 is only for playback
ALSA lib confmisc.c:160:(snd_config_get_card) Invalid field card
ALSA lib pcm_usb_stream.c:482:(_snd_pcm_usb_stream_open) Invalid card 'card'
ALSA lib confmisc.c:160:(snd_config_get_card) Invalid field card
ALSA lib pcm_usb_stream.c:482:(_snd_pcm_usb_stream_open) Invalid card 'card'
ALSA lib pcm_dmix.c:1000:(snd_pcm_dmix_open) unable to open slave
Cannot connect to server socket err = No such file or directory
Cannot connect to server request channel
jack server is not running or cannot be started
JackShmReadWritePtr::~JackShmReadWritePtr - Init not done for -1, skipping unlock
JackShmReadWritePtr::~JackShmReadWritePtr - Init not done for -1, skipping unlock
Model loaded successfully!
Pre-buffer: 15 chunks (~450ms)
Calibrating noise level... Please remain quiet for 2 seconds.

=== Secure Speech-to-Text Keyboard ===
Press F9 to toggle listening on/off
Press Ctrl+C to exit

Voice Commands Available:
- 'new line' or 'press enter'
- 'press tab', 'press space'
- 'copy', 'paste', 'cut'
- 'select all', 'undo', 'redo'
- Navigation: 'go left/right/up/down'
=====================================

2025-06-01 19:37:09,471 - INFO - Audio processing thread started
